******************************************************************************
                  TI ARM Linker PC v16.9.2                     
******************************************************************************
>> Linked Wed Jun 07 04:19:34 2017

OUTPUT FILE NAME:   <DDS_Experiment.out>
ENTRY POINT SYMBOL: "_c_int00"  address: 00001ff9


MEMORY CONFIGURATION

         name            origin    length      used     unused   attr    fill
----------------------  --------  ---------  --------  --------  ----  --------
  FLASH                 00000000   00100000  000029f4  000fd60c  R  X
  SRAM                  20000000   00040000  000004ac  0003fb54  RW X


SEGMENT ALLOCATION MAP

run origin  load origin   length   init length attrs members
----------  ----------- ---------- ----------- ----- -------
00000000    00000000    000029f8   000029f8    r-x
  00000000    00000000    00000200   00000200    r-- .intvecs
  00000200    00000200    000022e8   000022e8    r-x .text
  000024e8    000024e8    000004bc   000004bc    r-- .const
  000029a8    000029a8    00000050   00000050    r-- .cinit
20000000    20000000    000004ac   00000000    rw-
  20000000    20000000    0000026c   00000000    rw- .vtable
  2000026c    2000026c    00000200   00000000    rw- .stack
  2000046c    2000046c    00000040   00000000    rw- .data


SECTION ALLOCATION MAP

 output                                  attributes/
section   page    origin      length       input sections
--------  ----  ----------  ----------   ----------------
.intvecs   0    00000000    00000200     
                  00000000    00000200     tm4c1294ncpdt_startup_ccs.obj (.intvecs)

.text      0    00000200    000022e8     
                  00000200    00000a2c     DDSExperiment.obj (.text)
                  00000c2c    00000588     rtsv7M4_T_le_v4SPD16_eabi.lib : e_powf.obj (.text)
                  000011b4    00000200     driverlib.lib : sysctl.obj (.text:SysCtlClockFreqSet)
                  000013b4    000001ec     rtsv7M4_T_le_v4SPD16_eabi.lib : e_logf.obj (.text)
                  000015a0    000001c0     keypad.obj (.text)
                  00001760    000001b6     rtsv7M4_T_le_v4SPD16_eabi.lib : fd_add_t2.obj (.text)
                  00001916    00000136                                   : fd_div_t2.obj (.text)
                  00001a4c    00000132     driverlib.lib : gpio.obj (.text:GPIOPadConfigSet)
                  00001b7e    00000002     rtsv7M4_T_le_v4SPD16_eabi.lib : mpu_init.obj (.text)
                  00001b80    000000d4                                   : s_scalbnf.obj (.text)
                  00001c54    0000009c                                   : memcpy_t2.obj (.text)
                  00001cf0    00000086                                   : fd_cmp_t2.obj (.text:__aeabi_cdrcmple)
                  00001d76    0000007a                                   : memset_t2.obj (.text)
                  00001df0    00000070                                   : autoinit.obj (.text)
                  00001e60    00000070                                   : fd_toll_t2.obj (.text)
                  00001ed0    00000068     driverlib.lib : interrupt.obj (.text:IntEnable)
                  00001f38    00000068     rtsv7M4_T_le_v4SPD16_eabi.lib : copy_decompress_lzss.obj (.text:decompress:lzss)
                  00001fa0    00000058     driverlib.lib : gpio.obj (.text:GPIOIntTypeSet)
                  00001ff8    00000054     rtsv7M4_T_le_v4SPD16_eabi.lib : boot.obj (.text)
                  0000204c    00000054                                   : exit.obj (.text)
                  000020a0    0000004c     driverlib.lib : gpio.obj (.text:GPIOPinConfigure)
                  000020ec    0000004c     rtsv7M4_T_le_v4SPD16_eabi.lib : cpy_tbl.obj (.text)
                  00002138    00000048     driverlib.lib : sysctl.obj (.text:_SysCtlFrequencyGet)
                  00002180    00000044                   : gpio.obj (.text:_GPIOIntNumberGet)
                  000021c4    0000003c                   : ssi.obj (.text:SSIConfigSetExpClk)
                  00002200    00000034                   : interrupt.obj (.text:IntRegister)
                  00002234    00000034                   : sysctl.obj (.text:SysCtlPeripheralEnable)
                  00002268    0000002c                   : gpio.obj (.text:GPIODirModeSet)
                  00002294    00000028     rtsv7M4_T_le_v4SPD16_eabi.lib : e_sqrtf.obj (.text)
                  000022bc    00000020     driverlib.lib : sysctl.obj (.text:_SysCtlMemTimingGet)
                  000022dc    00000020     rtsv7M4_T_le_v4SPD16_eabi.lib : u_tofd_t2.obj (.text)
                  000022fc    0000001c     driverlib.lib : sysctl.obj (.text:SysCtlGPIOAHBEnable)
                  00002318    0000001c                   : systick.obj (.text:SysTickIntRegister)
                  00002334    00000018                   : gpio.obj (.text:GPIOIntRegister)
                  0000234c    00000018                   : gpio.obj (.text:GPIOPinTypeGPIOOutput)
                  00002364    00000018     rtsv7M4_T_le_v4SPD16_eabi.lib : args_main.obj (.text)
                  0000237c    00000016     driverlib.lib : gpio.obj (.text:GPIOPinTypeADC)
                  00002392    00000016                   : gpio.obj (.text:GPIOPinTypeGPIOInput)
                  000023a8    00000016                   : gpio.obj (.text:GPIOPinTypeSSI)
                  000023be    00000002     rtsv7M4_T_le_v4SPD16_eabi.lib : startup.obj (.text)
                  000023c0    00000014     driverlib.lib : systick.obj (.text:SysTickEnable)
                  000023d4    00000014                   : systick.obj (.text:SysTickIntEnable)
                  000023e8    00000014     rtsv7M4_T_le_v4SPD16_eabi.lib : _lock.obj (.text)
                  000023fc    00000012     driverlib.lib : ssi.obj (.text:SSIAdvDataPutFrameEnd)
                  0000240e    00000012     rtsv7M4_T_le_v4SPD16_eabi.lib : s_copysignf.obj (.text)
                  00002420    00000010     driverlib.lib : fpu.obj (.text:FPUEnable)
                  00002430    00000010                   : fpu.obj (.text:FPULazyStackingEnable)
                  00002440    00000010                   : systick.obj (.text:SysTickPeriodSet)
                  00002450    0000000e     rtsv7M4_T_le_v4SPD16_eabi.lib : copy_decompress_none.obj (.text:decompress:none)
                  0000245e    0000000c     driverlib.lib : gpio.obj (.text:GPIOIntEnable)
                  0000246a    0000000c                   : ssi.obj (.text:SSIAdvModeSet)
                  00002476    00000002     --HOLE-- [fill = 0]
                  00002478    0000000c                   : sysctl.obj (.text:SysCtlMOSCConfigSet)
                  00002484    0000000c     rtsv7M4_T_le_v4SPD16_eabi.lib : copy_zero_init.obj (.text:decompress:ZI)
                  00002490    0000000c     tm4c1294ncpdt_startup_ccs.obj (.text)
                  0000249c    0000000a     driverlib.lib : ssi.obj (.text:SSIAdvFrameHoldEnable)
                  000024a6    0000000a                   : ssi.obj (.text:SSIDataPut)
                  000024b0    0000000a                   : ssi.obj (.text:SSIDisable)
                  000024ba    0000000a                   : ssi.obj (.text:SSIEnable)
                  000024c4    00000008                   : ssi.obj (.text:SSIBusy)
                  000024cc    00000006                   : gpio.obj (.text:GPIOIntClear)
                  000024d2    00000006                   : gpio.obj (.text:GPIOPinRead)
                  000024d8    00000006                   : gpio.obj (.text:GPIOPinWrite)
                  000024de    00000006                   : sysctl.obj (.text:SysCtlDelay)
                  000024e4    00000004     rtsv7M4_T_le_v4SPD16_eabi.lib : pre_init.obj (.text)

.const     0    000024e8    000004bc     
                  000024e8    000001b0     driverlib.lib : sysctl.obj (.const:g_pppui32XTALtoVCO)
                  00002698    000000d8                   : gpio.obj (.const:g_ppui32GPIOIntMapSnowflake)
                  00002770    000000c0                   : gpio.obj (.const:g_ppui32GPIOIntMapBlizzard)
                  00002830    00000090                   : gpio.obj (.const:g_pui32GPIOBaseAddrs)
                  000028c0    0000006c                   : sysctl.obj (.const:g_pui32Xtals)
                  0000292c    00000030                   : sysctl.obj (.const:g_sXTALtoMEMTIM)
                  0000295c    00000018     rtsv7M4_T_le_v4SPD16_eabi.lib : e_powf.obj (.const:$O1$$)
                  00002974    00000014     driverlib.lib : interrupt.obj (.const:g_pui32EnRegs)
                  00002988    00000010     keypad.obj (.const:keys)
                  00002998    00000008     driverlib.lib : sysctl.obj (.const:g_pui32VCOFrequencies)
                  000029a0    00000004     DDSExperiment.obj (.const)

.cinit     0    000029a8    00000050     
                  000029a8    00000025     (.cinit..data.load) [load image, compression = lzss]
                  000029cd    00000003     --HOLE-- [fill = 0]
                  000029d0    0000000c     (__TI_handler_table)
                  000029dc    00000004     --HOLE-- [fill = 0]
                  000029e0    00000008     (.cinit..vtable.load) [load image, compression = zero_init]
                  000029e8    00000010     (__TI_cinit_table)

.init_array 
*          0    00000000    00000000     UNINITIALIZED

.vtable    0    20000000    0000026c     UNINITIALIZED
                  20000000    0000026c     driverlib.lib : interrupt.obj (.vtable)

.stack     0    2000026c    00000200     UNINITIALIZED
                  2000026c    00000200     --HOLE--

.data      0    2000046c    00000040     UNINITIALIZED
                  2000046c    00000014     DDSExperiment.obj (.data)
                  20000480    00000010     keypad.obj (.data)
                  20000490    0000000c     rtsv7M4_T_le_v4SPD16_eabi.lib : exit.obj (.data:$O1$$)
                  2000049c    00000008                                   : _lock.obj (.data:$O1$$)
                  200004a4    00000004                                   : errno.obj (.data)
                  200004a8    00000004                                   : stkdepth_vars.obj (.data)

MODULE SUMMARY

       Module                          code   ro data   rw data
       ------                          ----   -------   -------
    .\
       DDSExperiment.obj               2604   4         20     
       tm4c1294ncpdt_startup_ccs.obj   12     512       0      
       keypad.obj                      448    16        16     
    +--+-------------------------------+------+---------+---------+
       Total:                          3064   532       36     
                                                               
    D:/TI/TivaWare_C_Series-2.1.4.178/driverlib/ccs/Debug/driverlib.lib
       sysctl.obj                      714    596       0      
       gpio.obj                        726    552       0      
       interrupt.obj                   156    20        620    
       ssi.obj                         138    0         0      
       systick.obj                     84     0         0      
       fpu.obj                         32     0         0      
    +--+-------------------------------+------+---------+---------+
       Total:                          1850   1168      620    
                                                               
    D:\TI\ccsv7\tools\compiler\ti-cgt-arm_16.9.2.LTS\lib\rtsv7M4_T_le_v4SPD16_eabi.lib
       e_powf.obj                      1416   24        0      
       e_logf.obj                      492    0         0      
       fd_add_t2.obj                   438    0         0      
       fd_div_t2.obj                   310    0         0      
       s_scalbnf.obj                   212    0         0      
       memcpy_t2.obj                   156    0         0      
       fd_cmp_t2.obj                   134    0         0      
       memset_t2.obj                   122    0         0      
       autoinit.obj                    112    0         0      
       fd_toll_t2.obj                  112    0         0      
       copy_decompress_lzss.obj        104    0         0      
       exit.obj                        84     0         12     
       boot.obj                        84     0         0      
       cpy_tbl.obj                     76     0         0      
       e_sqrtf.obj                     40     0         0      
       u_tofd_t2.obj                   32     0         0      
       _lock.obj                       20     0         8      
       args_main.obj                   24     0         0      
       s_copysignf.obj                 18     0         0      
       copy_decompress_none.obj        14     0         0      
       copy_zero_init.obj              12     0         0      
       errno.obj                       0      0         4      
       pre_init.obj                    4      0         0      
       stkdepth_vars.obj               0      0         4      
       mpu_init.obj                    2      0         0      
       startup.obj                     2      0         0      
    +--+-------------------------------+------+---------+---------+
       Total:                          4020   24        28     
                                                               
       Stack:                          0      0         512    
       Linker Generated:               0      73        0      
    +--+-------------------------------+------+---------+---------+
       Grand Total:                    8934   1797      1196   


LINKER GENERATED COPY TABLES

__TI_cinit_table @ 000029e8 records: 2, size/record: 8, table size: 16
	.data: load addr=000029a8, load size=00000025 bytes, run addr=2000046c, run size=00000040 bytes, compression=lzss
	.vtable: load addr=000029e0, load size=00000008 bytes, run addr=20000000, run size=0000026c bytes, compression=zero_init


LINKER GENERATED HANDLER TABLE

__TI_handler_table @ 000029d0 records: 3, size/record: 4, table size: 12
	index: 0, handler: __TI_zero_init
	index: 1, handler: __TI_decompress_lzss
	index: 2, handler: __TI_decompress_none


GLOBAL SYMBOLS: SORTED ALPHABETICALLY BY Name 

address   name                           
-------   ----                           
0000204d  C$$EXIT                        
20000474  COUNT                          
20000478  CURRENT_FREQ                   
2000047c  CURRENT_PH                     
20000470  DDS_CLK                        
00002421  FPUEnable                      
00002431  FPULazyStackingEnable          
00002269  GPIODirModeSet                 
000024cd  GPIOIntClear                   
0000245f  GPIOIntEnable                  
00002335  GPIOIntRegister                
00001fa1  GPIOIntTypeSet                 
00001a4d  GPIOPadConfigSet               
000020a1  GPIOPinConfigure               
000024d3  GPIOPinRead                    
0000237d  GPIOPinTypeADC                 
00002393  GPIOPinTypeGPIOInput           
0000234d  GPIOPinTypeGPIOOutput          
000023a9  GPIOPinTypeSSI                 
000024d9  GPIOPinWrite                   
00001ed1  IntEnable                      
00002201  IntRegister                    
20000488  KEYPAD_COL_PORT                
20000484  KEYPAD_ROW_PORT                
2000048c  LAST_KEY_PRESSED               
20000480  NEW_KEY_PRESSED                
00002491  ResetISR                       
UNDEFED   SHT$$INIT_ARRAY$$Base          
UNDEFED   SHT$$INIT_ARRAY$$Limit         
000023fd  SSIAdvDataPutFrameEnd          
0000249d  SSIAdvFrameHoldEnable          
0000246b  SSIAdvModeSet                  
000024c5  SSIBusy                        
000021c5  SSIConfigSetExpClk             
000024a7  SSIDataPut                     
000024b1  SSIDisable                     
000024bb  SSIEnable                      
2000046c  SYS_CLK_ACT                    
000029a0  SYS_CLK_REQ                    
000011b5  SysCtlClockFreqSet             
000024df  SysCtlDelay                    
000022fd  SysCtlGPIOAHBEnable            
00002479  SysCtlMOSCConfigSet            
00002235  SysCtlPeripheralEnable         
000023c1  SysTickEnable                  
00000503  SysTickHandler                 
000023d5  SysTickIntEnable               
00002319  SysTickIntRegister             
00002441  SysTickPeriodSet               
2000046c  __STACK_END                    
00000200  __STACK_SIZE                   
2000066c  __STACK_TOP                    
000029e8  __TI_CINIT_Base                
000029f8  __TI_CINIT_Limit               
000029d0  __TI_Handler_Table_Base        
000029dc  __TI_Handler_Table_Limit       
00001df1  __TI_auto_init                 
20000490  __TI_cleanup_ptr               
00001f39  __TI_decompress_lzss           
00002451  __TI_decompress_none           
20000494  __TI_dtors_ptr                 
20000498  __TI_enable_exit_profile_output
ffffffff  __TI_pprof_out_hndl            
ffffffff  __TI_prof_data_size            
ffffffff  __TI_prof_data_start           
00000000  __TI_static_base__             
00002485  __TI_zero_init                 
00001cf1  __aeabi_cdrcmple               
00001e61  __aeabi_d2lz                   
0000176b  __aeabi_dadd                   
00001917  __aeabi_ddiv                   
00001761  __aeabi_dsub                   
00001d77  __aeabi_memclr                 
00001d77  __aeabi_memclr4                
00001d77  __aeabi_memclr8                
00001c55  __aeabi_memcpy                 
00001c55  __aeabi_memcpy4                
00001c55  __aeabi_memcpy8                
00001d79  __aeabi_memset                 
00001d79  __aeabi_memset4                
00001d79  __aeabi_memset8                
000022dd  __aeabi_ui2d                   
ffffffff  __binit__                      
ffffffff  __c_args__                     
00001b7f  __mpu_init                     
2000026c  __stack                        
00002365  _args_main                     
00001ff9  _c_int00                       
2000049c  _lock                          
000023f7  _nop                           
000023ef  _register_lock                 
000023e9  _register_unlock               
000023bf  _system_post_cinit             
000024e5  _system_pre_init               
200004a0  _unlock                        
00002051  abort                          
ffffffff  binit                          
0000166f  checkKeypad                    
00001617  checkKeypadCol                 
00000881  chgDDS                         
000020ed  copy_in                        
0000240f  copysignf                      
200004a4  errno                          
00002059  exit                           
20000000  g_pfnRAMVectors                
00000000  g_pfnVectors                   
00001707  getLastKeyPressed              
00000539  initDDS                        
000015a1  initKeypad                     
0000171f  keyPressISR                    
00002988  keys                           
00001b81  ldexpf                         
000013b5  logf                           
00000201  main                           
200004a8  main_func_sp                   
00001c55  memcpy                         
00001d7f  memset                         
0000050d  millis                         
00000c2d  powf                           
00001b81  scalbnf                        
00002295  sqrtf                          


GLOBAL SYMBOLS: SORTED BY Symbol Address 

address   name                           
-------   ----                           
00000000  __TI_static_base__             
00000000  g_pfnVectors                   
00000200  __STACK_SIZE                   
00000201  main                           
00000503  SysTickHandler                 
0000050d  millis                         
00000539  initDDS                        
00000881  chgDDS                         
00000c2d  powf                           
000011b5  SysCtlClockFreqSet             
000013b5  logf                           
000015a1  initKeypad                     
00001617  checkKeypadCol                 
0000166f  checkKeypad                    
00001707  getLastKeyPressed              
0000171f  keyPressISR                    
00001761  __aeabi_dsub                   
0000176b  __aeabi_dadd                   
00001917  __aeabi_ddiv                   
00001a4d  GPIOPadConfigSet               
00001b7f  __mpu_init                     
00001b81  ldexpf                         
00001b81  scalbnf                        
00001c55  __aeabi_memcpy                 
00001c55  __aeabi_memcpy4                
00001c55  __aeabi_memcpy8                
00001c55  memcpy                         
00001cf1  __aeabi_cdrcmple               
00001d77  __aeabi_memclr                 
00001d77  __aeabi_memclr4                
00001d77  __aeabi_memclr8                
00001d79  __aeabi_memset                 
00001d79  __aeabi_memset4                
00001d79  __aeabi_memset8                
00001d7f  memset                         
00001df1  __TI_auto_init                 
00001e61  __aeabi_d2lz                   
00001ed1  IntEnable                      
00001f39  __TI_decompress_lzss           
00001fa1  GPIOIntTypeSet                 
00001ff9  _c_int00                       
0000204d  C$$EXIT                        
00002051  abort                          
00002059  exit                           
000020a1  GPIOPinConfigure               
000020ed  copy_in                        
000021c5  SSIConfigSetExpClk             
00002201  IntRegister                    
00002235  SysCtlPeripheralEnable         
00002269  GPIODirModeSet                 
00002295  sqrtf                          
000022dd  __aeabi_ui2d                   
000022fd  SysCtlGPIOAHBEnable            
00002319  SysTickIntRegister             
00002335  GPIOIntRegister                
0000234d  GPIOPinTypeGPIOOutput          
00002365  _args_main                     
0000237d  GPIOPinTypeADC                 
00002393  GPIOPinTypeGPIOInput           
000023a9  GPIOPinTypeSSI                 
000023bf  _system_post_cinit             
000023c1  SysTickEnable                  
000023d5  SysTickIntEnable               
000023e9  _register_unlock               
000023ef  _register_lock                 
000023f7  _nop                           
000023fd  SSIAdvDataPutFrameEnd          
0000240f  copysignf                      
00002421  FPUEnable                      
00002431  FPULazyStackingEnable          
00002441  SysTickPeriodSet               
00002451  __TI_decompress_none           
0000245f  GPIOIntEnable                  
0000246b  SSIAdvModeSet                  
00002479  SysCtlMOSCConfigSet            
00002485  __TI_zero_init                 
00002491  ResetISR                       
0000249d  SSIAdvFrameHoldEnable          
000024a7  SSIDataPut                     
000024b1  SSIDisable                     
000024bb  SSIEnable                      
000024c5  SSIBusy                        
000024cd  GPIOIntClear                   
000024d3  GPIOPinRead                    
000024d9  GPIOPinWrite                   
000024df  SysCtlDelay                    
000024e5  _system_pre_init               
00002988  keys                           
000029a0  SYS_CLK_REQ                    
000029d0  __TI_Handler_Table_Base        
000029dc  __TI_Handler_Table_Limit       
000029e8  __TI_CINIT_Base                
000029f8  __TI_CINIT_Limit               
20000000  g_pfnRAMVectors                
2000026c  __stack                        
2000046c  SYS_CLK_ACT                    
2000046c  __STACK_END                    
20000470  DDS_CLK                        
20000474  COUNT                          
20000478  CURRENT_FREQ                   
2000047c  CURRENT_PH                     
20000480  NEW_KEY_PRESSED                
20000484  KEYPAD_ROW_PORT                
20000488  KEYPAD_COL_PORT                
2000048c  LAST_KEY_PRESSED               
20000490  __TI_cleanup_ptr               
20000494  __TI_dtors_ptr                 
20000498  __TI_enable_exit_profile_output
2000049c  _lock                          
200004a0  _unlock                        
200004a4  errno                          
200004a8  main_func_sp                   
2000066c  __STACK_TOP                    
ffffffff  __TI_pprof_out_hndl            
ffffffff  __TI_prof_data_size            
ffffffff  __TI_prof_data_start           
ffffffff  __binit__                      
ffffffff  __c_args__                     
ffffffff  binit                          
UNDEFED   SHT$$INIT_ARRAY$$Base          
UNDEFED   SHT$$INIT_ARRAY$$Limit         

[121 symbols]
