******************************************************************************
                  TI ARM Linker PC v16.9.2                     
******************************************************************************
>> Linked Wed May 10 20:38:39 2017

OUTPUT FILE NAME:   <DDS_Experiment.out>
ENTRY POINT SYMBOL: "_c_int00"  address: 00000a91


MEMORY CONFIGURATION

         name            origin    length      used     unused   attr    fill
----------------------  --------  ---------  --------  --------  ----  --------
  FLASH                 00000000   00100000  00001026  000fefda  R  X
  SRAM                  20000000   00040000  00000494  0003fb6c  RW X


SEGMENT ALLOCATION MAP

run origin  load origin   length   init length attrs members
----------  ----------- ---------- ----------- ----- -------
00000000    00000000    00001028   00001028    r-x
  00000000    00000000    00000208   00000208    r-- .intvecs
  00000208    00000208    00000b86   00000b86    r-x .text
  00000d90    00000d90    00000258   00000258    r-- .const
  00000fe8    00000fe8    00000040   00000040    r-- .cinit
20000000    20000000    00000498   00000000    rw-
  20000000    20000000    0000026c   00000000    rw- .vtable
  2000026c    2000026c    00000200   00000000    rw- .stack
  20000470    20000470    00000028   00000000    rw- .data


SECTION ALLOCATION MAP

 output                                  attributes/
section   page    origin      length       input sections
--------  ----  ----------  ----------   ----------------
.intvecs   0    00000000    00000208     
                  00000000    00000208     tm4c1294ncpdt_startup_ccs.obj (.intvecs)

.text      0    00000208    00000b86     
                  00000208    00000368     DDSExperiment.obj (.text)
                  00000570    00000200     driverlib.lib : sysctl.obj (.text:SysCtlClockFreqSet)
                  00000770    00000132                   : gpio.obj (.text:GPIOPadConfigSet)
                  000008a2    0000009c     rtsv7M4_T_le_v4SPD16_eabi.lib : memcpy_t2.obj (.text)
                  0000093e    0000007a                                   : memset_t2.obj (.text)
                  000009b8    00000070                                   : autoinit.obj (.text)
                  00000a28    00000068                                   : copy_decompress_lzss.obj (.text:decompress:lzss)
                  00000a90    00000054                                   : boot.obj (.text)
                  00000ae4    00000054                                   : exit.obj (.text)
                  00000b38    0000004c                                   : cpy_tbl.obj (.text)
                  00000b84    00000048     driverlib.lib : sysctl.obj (.text:_SysCtlFrequencyGet)
                  00000bcc    00000038                   : sysctl.obj (.text:SysCtlPeripheralReady)
                  00000c04    00000034                   : interrupt.obj (.text:IntRegister)
                  00000c38    00000034                   : sysctl.obj (.text:SysCtlPeripheralEnable)
                  00000c6c    0000002a                   : gpio.obj (.text:GPIODirModeSet)
                  00000c96    00000002     rtsv7M4_T_le_v4SPD16_eabi.lib : mpu_init.obj (.text)
                  00000c98    00000020     driverlib.lib : sysctl.obj (.text:_SysCtlMemTimingGet)
                  00000cb8    0000001c                   : systick.obj (.text:SysTickIntRegister)
                  00000cd4    00000018                   : gpio.obj (.text:GPIOPinTypeGPIOOutput)
                  00000cec    00000018     rtsv7M4_T_le_v4SPD16_eabi.lib : args_main.obj (.text)
                  00000d04    00000014     driverlib.lib : systick.obj (.text:SysTickEnable)
                  00000d18    00000014                   : systick.obj (.text:SysTickIntEnable)
                  00000d2c    00000014     rtsv7M4_T_le_v4SPD16_eabi.lib : _lock.obj (.text)
                  00000d40    00000010     driverlib.lib : systick.obj (.text:SysTickPeriodSet)
                  00000d50    0000000e     rtsv7M4_T_le_v4SPD16_eabi.lib : copy_decompress_none.obj (.text:decompress:none)
                  00000d5e    00000002                                   : startup.obj (.text)
                  00000d60    0000000c     driverlib.lib : sysctl.obj (.text:SysCtlMOSCConfigSet)
                  00000d6c    0000000c     rtsv7M4_T_le_v4SPD16_eabi.lib : copy_zero_init.obj (.text:decompress:ZI)
                  00000d78    0000000c     tm4c1294ncpdt_startup_ccs.obj (.text)
                  00000d84    00000006     driverlib.lib : gpio.obj (.text:GPIOPinWrite)
                  00000d8a    00000004     rtsv7M4_T_le_v4SPD16_eabi.lib : pre_init.obj (.text)

.const     0    00000d90    00000258     
                  00000d90    000001b0     driverlib.lib : sysctl.obj (.const:g_pppui32XTALtoVCO)
                  00000f40    0000006c                   : sysctl.obj (.const:g_pui32Xtals)
                  00000fac    00000030                   : sysctl.obj (.const:g_sXTALtoMEMTIM)
                  00000fdc    00000008                   : sysctl.obj (.const)
                  00000fe4    00000004     DDSExperiment.obj (.const)

.cinit     0    00000fe8    00000040     
                  00000fe8    00000019     (.cinit..data.load) [load image, compression = lzss]
                  00001001    00000003     --HOLE-- [fill = 0]
                  00001004    0000000c     (__TI_handler_table)
                  00001010    00000008     (.cinit..vtable.load) [load image, compression = zero_init]
                  00001018    00000010     (__TI_cinit_table)

.init_array 
*          0    00000000    00000000     UNINITIALIZED

.vtable    0    20000000    0000026c     UNINITIALIZED
                  20000000    0000026c     driverlib.lib : interrupt.obj (.vtable)

.stack     0    2000026c    00000200     UNINITIALIZED
                  2000026c    00000200     --HOLE--

.data      0    20000470    00000028     UNINITIALIZED
                  20000470    00000010     DDSExperiment.obj (.data)
                  20000480    0000000c     rtsv7M4_T_le_v4SPD16_eabi.lib : exit.obj (.data:$O1$$)
                  2000048c    00000008                                   : _lock.obj (.data:$O1$$)
                  20000494    00000004                                   : stkdepth_vars.obj (.data)

MODULE SUMMARY

       Module                          code   ro data   rw data
       ------                          ----   -------   -------
    .\
       DDSExperiment.obj               872    4         16     
       tm4c1294ncpdt_startup_ccs.obj   12     520       0      
    +--+-------------------------------+------+---------+---------+
       Total:                          884    524       16     
                                                               
    D:/TI/TivaWare_C_Series-2.1.4.178/driverlib/ccs/Debug/driverlib.lib
       sysctl.obj                      736    596       0      
       interrupt.obj                   52     0         620    
       gpio.obj                        378    0         0      
       systick.obj                     84     0         0      
    +--+-------------------------------+------+---------+---------+
       Total:                          1250   596       620    
                                                               
    D:\TI\ccsv7\tools\compiler\ti-cgt-arm_16.9.2.LTS\lib\rtsv7M4_T_le_v4SPD16_eabi.lib
       memcpy_t2.obj                   156    0         0      
       memset_t2.obj                   122    0         0      
       autoinit.obj                    112    0         0      
       copy_decompress_lzss.obj        104    0         0      
       exit.obj                        84     0         12     
       boot.obj                        84     0         0      
       cpy_tbl.obj                     76     0         0      
       _lock.obj                       20     0         8      
       args_main.obj                   24     0         0      
       copy_decompress_none.obj        14     0         0      
       copy_zero_init.obj              12     0         0      
       pre_init.obj                    4      0         0      
       stkdepth_vars.obj               0      0         4      
       mpu_init.obj                    2      0         0      
       startup.obj                     2      0         0      
    +--+-------------------------------+------+---------+---------+
       Total:                          816    0         24     
                                                               
       Stack:                          0      0         512    
       Linker Generated:               0      61        0      
    +--+-------------------------------+------+---------+---------+
       Grand Total:                    2950   1181      1172   


LINKER GENERATED COPY TABLES

__TI_cinit_table @ 00001018 records: 2, size/record: 8, table size: 16
	.data: load addr=00000fe8, load size=00000019 bytes, run addr=20000470, run size=00000028 bytes, compression=lzss
	.vtable: load addr=00001010, load size=00000008 bytes, run addr=20000000, run size=0000026c bytes, compression=zero_init


LINKER GENERATED HANDLER TABLE

__TI_handler_table @ 00001004 records: 3, size/record: 4, table size: 12
	index: 0, handler: __TI_zero_init
	index: 1, handler: __TI_decompress_lzss
	index: 2, handler: __TI_decompress_none


GLOBAL SYMBOLS: SORTED ALPHABETICALLY BY Name 

address   name                           
-------   ----                           
00000ae5  C$$EXIT                        
20000478  COUNT                          
00000c6d  GPIODirModeSet                 
00000771  GPIOPadConfigSet               
00000cd5  GPIOPinTypeGPIOOutput          
00000d85  GPIOPinWrite                   
00000c05  IntRegister                    
00000d79  ResetISR                       
UNDEFED   SHT$$INIT_ARRAY$$Base          
UNDEFED   SHT$$INIT_ARRAY$$Limit         
20000470  SYS_CLK_ACT                    
00000fe4  SYS_CLK_REQ                    
00000571  SysCtlClockFreqSet             
00000d61  SysCtlMOSCConfigSet            
00000c39  SysCtlPeripheralEnable         
00000bcd  SysCtlPeripheralReady          
00000d05  SysTickEnable                  
00000209  SysTickHandler                 
00000d19  SysTickIntEnable               
00000cb9  SysTickIntRegister             
00000d41  SysTickPeriodSet               
2000046c  __STACK_END                    
00000200  __STACK_SIZE                   
2000046c  __STACK_TOP                    
00001018  __TI_CINIT_Base                
00001028  __TI_CINIT_Limit               
00001004  __TI_Handler_Table_Base        
00001010  __TI_Handler_Table_Limit       
000009b9  __TI_auto_init                 
20000480  __TI_cleanup_ptr               
00000a29  __TI_decompress_lzss           
00000d51  __TI_decompress_none           
20000484  __TI_dtors_ptr                 
20000488  __TI_enable_exit_profile_output
ffffffff  __TI_pprof_out_hndl            
ffffffff  __TI_prof_data_size            
ffffffff  __TI_prof_data_start           
00000000  __TI_static_base__             
00000d6d  __TI_zero_init                 
0000093f  __aeabi_memclr                 
0000093f  __aeabi_memclr4                
0000093f  __aeabi_memclr8                
000008a3  __aeabi_memcpy                 
000008a3  __aeabi_memcpy4                
000008a3  __aeabi_memcpy8                
00000941  __aeabi_memset                 
00000941  __aeabi_memset4                
00000941  __aeabi_memset8                
ffffffff  __binit__                      
ffffffff  __c_args__                     
00000c97  __mpu_init                     
2000026c  __stack                        
00000ced  _args_main                     
00000a91  _c_int00                       
2000048c  _lock                          
00000d3b  _nop                           
00000d33  _register_lock                 
00000d2d  _register_unlock               
00000d5f  _system_post_cinit             
00000d8b  _system_pre_init               
20000490  _unlock                        
00000ae9  abort                          
ffffffff  binit                          
00000b39  copy_in                        
00000af1  exit                           
20000000  g_pfnRAMVectors                
00000000  g_pfnVectors                   
0000022d  main                           
20000494  main_func_sp                   
000008a3  memcpy                         
00000947  memset                         
00000221  millis                         


GLOBAL SYMBOLS: SORTED BY Symbol Address 

address   name                           
-------   ----                           
00000000  __TI_static_base__             
00000000  g_pfnVectors                   
00000200  __STACK_SIZE                   
00000209  SysTickHandler                 
00000221  millis                         
0000022d  main                           
00000571  SysCtlClockFreqSet             
00000771  GPIOPadConfigSet               
000008a3  __aeabi_memcpy                 
000008a3  __aeabi_memcpy4                
000008a3  __aeabi_memcpy8                
000008a3  memcpy                         
0000093f  __aeabi_memclr                 
0000093f  __aeabi_memclr4                
0000093f  __aeabi_memclr8                
00000941  __aeabi_memset                 
00000941  __aeabi_memset4                
00000941  __aeabi_memset8                
00000947  memset                         
000009b9  __TI_auto_init                 
00000a29  __TI_decompress_lzss           
00000a91  _c_int00                       
00000ae5  C$$EXIT                        
00000ae9  abort                          
00000af1  exit                           
00000b39  copy_in                        
00000bcd  SysCtlPeripheralReady          
00000c05  IntRegister                    
00000c39  SysCtlPeripheralEnable         
00000c6d  GPIODirModeSet                 
00000c97  __mpu_init                     
00000cb9  SysTickIntRegister             
00000cd5  GPIOPinTypeGPIOOutput          
00000ced  _args_main                     
00000d05  SysTickEnable                  
00000d19  SysTickIntEnable               
00000d2d  _register_unlock               
00000d33  _register_lock                 
00000d3b  _nop                           
00000d41  SysTickPeriodSet               
00000d51  __TI_decompress_none           
00000d5f  _system_post_cinit             
00000d61  SysCtlMOSCConfigSet            
00000d6d  __TI_zero_init                 
00000d79  ResetISR                       
00000d85  GPIOPinWrite                   
00000d8b  _system_pre_init               
00000fe4  SYS_CLK_REQ                    
00001004  __TI_Handler_Table_Base        
00001010  __TI_Handler_Table_Limit       
00001018  __TI_CINIT_Base                
00001028  __TI_CINIT_Limit               
20000000  g_pfnRAMVectors                
2000026c  __stack                        
2000046c  __STACK_END                    
2000046c  __STACK_TOP                    
20000470  SYS_CLK_ACT                    
20000478  COUNT                          
20000480  __TI_cleanup_ptr               
20000484  __TI_dtors_ptr                 
20000488  __TI_enable_exit_profile_output
2000048c  _lock                          
20000490  _unlock                        
20000494  main_func_sp                   
ffffffff  __TI_pprof_out_hndl            
ffffffff  __TI_prof_data_size            
ffffffff  __TI_prof_data_start           
ffffffff  __binit__                      
ffffffff  __c_args__                     
ffffffff  binit                          
UNDEFED   SHT$$INIT_ARRAY$$Base          
UNDEFED   SHT$$INIT_ARRAY$$Limit         

[72 symbols]
